MSBUILD : error MSB1009: Project file does not exist.
Switch: tests\Sage.Tests\Sage.Tests.csproj
