Test run for E:\source\Sage\BuildOutput\Debug\SageTestLib.dll (.NETCoreApp,Version=v10.0)
VSTest version 18.0.1 (x64)

Starting test execution, please wait...
A total of 1 test files matched the specified pattern.
E:\source\Sage\BuildOutput\Debug\SageTestLib.dll
  Passed TestTupleBasics [25 ms]
  Standard Output Messages:
 07/15/2004 05:23:14 : Reading Tuple w/ prikey of Object 1. Object 1 is an unknown priKey.
 07/15/2004 05:23:14 : Posting Tuple w/ prikey of Object 1.
 07/15/2004 05:23:14 : Taking Tuple w/ prikey of Object 1. Tuple data = Data:Object 1.
 Expected result representation of the latest test run is:
 
 
 Debug Trace:
 Warning - <Sage> section missing from config file for testhost
 Missing Sage section of config file. Defaulting to maintaining between 100 and 900 execution threads.
 Add the following two sections to your app.config to fix this issue:
 <configSections>
     <section name="Sage" type="System.Configuration.NameValueSectionHandler, System, Version=2.0.0.0, Culture=neutral, PublicKeyToken=b77a5c561934e089" />
 </configSections>
    ...and
 <Sage>
     <add key="WorkerThreads" value="100"/>
     <add key="IgnoreCausalityViolations" value="true"/>
 </Sage>
 NOTE - everything will still work fine, we're just defaulting to maintaining between 100 and 900 worker threads for now, and ignoring causality exceptions.
 new string[]{"632254657940000000:RT1:-1316366261","632254657940000000:RT2b:-1316366261","632254657940000000:PT1:-1316366261","632254657940000000:TT1:-1316366261","632254657940000000:TT2a:-1316366261"};
 Done.



Test Run Successful.
Total tests: 1
     Passed: 1
 Total time: 0.3488 Seconds
